x1 = -3.5078
x2 = -0.0026
x3 = 0.0008
x4 = 0.1542
