Solusi SPL banyak, yaitu:
x1 = 3.0 + 1.0a
x2 = 0.0 + 2.0a
x3 = b
x4 = -1.0 + 1.0a
x5 = a
